[2020-01-30T07:39:55.888+0300][0.013s] Heap region size: 1M
[2020-01-30T07:39:55.901+0300][0.026s] Using G1
[2020-01-30T07:39:55.901+0300][0.026s] Heap address: 0x00000000e0000000, size: 512 MB, Compressed Oops mode: 32-bit
[2020-01-30T07:39:55.902+0300][0.026s] Mark closed archive regions in map: [0x00000000fff00000, 0x00000000fff69ff8]
[2020-01-30T07:39:55.902+0300][0.026s] Mark open archive regions in map: [0x00000000ffe00000, 0x00000000ffe46ff8]
[2020-01-30T07:39:57.093+0300][1.218s] GC(0) Pause Young (Normal) (G1 Evacuation Pause)
[2020-01-30T07:39:57.094+0300][1.218s] GC(0) Using 4 workers of 4 for evacuation
[2020-01-30T07:39:57.113+0300][1.238s] GC(0)   Pre Evacuate Collection Set: 0.0ms
[2020-01-30T07:39:57.113+0300][1.238s] GC(0)   Evacuate Collection Set: 18.9ms
[2020-01-30T07:39:57.113+0300][1.238s] GC(0)   Post Evacuate Collection Set: 0.6ms
[2020-01-30T07:39:57.113+0300][1.238s] GC(0)   Other: 0.4ms
[2020-01-30T07:39:57.113+0300][1.238s] GC(0) Eden regions: 25->0(304)
[2020-01-30T07:39:57.113+0300][1.238s] GC(0) Survivor regions: 0->3(4)
[2020-01-30T07:39:57.113+0300][1.238s] GC(0) Old regions: 2->2
[2020-01-30T07:39:57.113+0300][1.238s] GC(0) Humongous regions: 0->0
[2020-01-30T07:39:57.113+0300][1.238s] GC(0) Metaspace: 6064K->6064K(1056768K)
[2020-01-30T07:39:57.113+0300][1.238s] GC(0) Pause Young (Normal) (G1 Evacuation Pause) 25M->3M(512M) 20.074ms
[2020-01-30T07:39:57.113+0300][1.238s] GC(0) User=0.07s Sys=0.00s Real=0.02s
[2020-01-30T07:39:59.737+0300][3.861s] GC(1) Pause Young (Normal) (G1 Evacuation Pause)
[2020-01-30T07:39:59.737+0300][3.861s] GC(1) Using 4 workers of 4 for evacuation
[2020-01-30T07:39:59.760+0300][3.884s] GC(1)   Pre Evacuate Collection Set: 0.0ms
[2020-01-30T07:39:59.760+0300][3.884s] GC(1)   Evacuate Collection Set: 21.9ms
[2020-01-30T07:39:59.760+0300][3.884s] GC(1)   Post Evacuate Collection Set: 0.6ms
[2020-01-30T07:39:59.760+0300][3.884s] GC(1)   Other: 0.2ms
[2020-01-30T07:39:59.760+0300][3.884s] GC(1) Eden regions: 78->0(55)
[2020-01-30T07:39:59.760+0300][3.884s] GC(1) Survivor regions: 3->11(11)
[2020-01-30T07:39:59.760+0300][3.884s] GC(1) Old regions: 2->10
[2020-01-30T07:39:59.760+0300][3.884s] GC(1) Humongous regions: 4->4
[2020-01-30T07:39:59.760+0300][3.884s] GC(1) Metaspace: 18745K->18745K(1067008K)
[2020-01-30T07:39:59.760+0300][3.884s] GC(1) Pause Young (Normal) (G1 Evacuation Pause) 85M->23M(512M) 22.950ms
[2020-01-30T07:39:59.760+0300][3.884s] GC(1) User=0.07s Sys=0.01s Real=0.02s
[2020-01-30T07:40:00.395+0300][4.519s] GC(2) Pause Young (Normal) (G1 Evacuation Pause)
[2020-01-30T07:40:00.395+0300][4.519s] GC(2) Using 4 workers of 4 for evacuation
[2020-01-30T07:40:00.419+0300][4.544s] GC(2)   Pre Evacuate Collection Set: 0.0ms
[2020-01-30T07:40:00.419+0300][4.544s] GC(2)   Evacuate Collection Set: 23.7ms
[2020-01-30T07:40:00.419+0300][4.544s] GC(2)   Post Evacuate Collection Set: 0.5ms
[2020-01-30T07:40:00.420+0300][4.544s] GC(2)   Other: 0.2ms
[2020-01-30T07:40:00.420+0300][4.544s] GC(2) Eden regions: 18->0(45)
[2020-01-30T07:40:00.420+0300][4.544s] GC(2) Survivor regions: 11->1(4)
[2020-01-30T07:40:00.420+0300][4.544s] GC(2) Old regions: 10->21
[2020-01-30T07:40:00.420+0300][4.544s] GC(2) Humongous regions: 4->4
[2020-01-30T07:40:00.420+0300][4.544s] GC(2) Metaspace: 19768K->19768K(1067008K)
[2020-01-30T07:40:00.420+0300][4.544s] GC(2) Pause Young (Normal) (G1 Evacuation Pause) 41M->24M(512M) 24.746ms
[2020-01-30T07:40:00.420+0300][4.544s] GC(2) User=0.10s Sys=0.00s Real=0.02s
[2020-01-30T07:40:00.970+0300][5.094s] GC(3) Pause Young (Concurrent Start) (Metadata GC Threshold)
[2020-01-30T07:40:00.970+0300][5.094s] GC(3) Using 4 workers of 4 for evacuation
[2020-01-30T07:40:00.972+0300][5.097s] GC(3)   Pre Evacuate Collection Set: 0.0ms
[2020-01-30T07:40:00.972+0300][5.097s] GC(3)   Evacuate Collection Set: 2.4ms
[2020-01-30T07:40:00.972+0300][5.097s] GC(3)   Post Evacuate Collection Set: 0.3ms
[2020-01-30T07:40:00.973+0300][5.097s] GC(3)   Other: 0.3ms
[2020-01-30T07:40:00.973+0300][5.097s] GC(3) Eden regions: 26->0(65)
[2020-01-30T07:40:00.973+0300][5.097s] GC(3) Survivor regions: 1->1(6)
[2020-01-30T07:40:00.973+0300][5.097s] GC(3) Old regions: 21->21
[2020-01-30T07:40:00.973+0300][5.097s] GC(3) Humongous regions: 4->4
[2020-01-30T07:40:00.973+0300][5.097s] GC(3) Metaspace: 20415K->20415K(1069056K)
[2020-01-30T07:40:00.973+0300][5.097s] GC(3) Pause Young (Concurrent Start) (Metadata GC Threshold) 50M->23M(512M) 3.108ms
[2020-01-30T07:40:00.973+0300][5.097s] GC(3) User=0.01s Sys=0.00s Real=0.00s
[2020-01-30T07:40:00.973+0300][5.097s] GC(4) Concurrent Cycle
[2020-01-30T07:40:00.973+0300][5.097s] GC(4) Concurrent Clear Claimed Marks
[2020-01-30T07:40:00.973+0300][5.097s] GC(4) Concurrent Clear Claimed Marks 0.047ms
[2020-01-30T07:40:00.973+0300][5.097s] GC(4) Concurrent Scan Root Regions
[2020-01-30T07:40:00.974+0300][5.098s] GC(4) Concurrent Scan Root Regions 0.786ms
[2020-01-30T07:40:00.974+0300][5.098s] GC(4) Concurrent Mark (5.098s)
[2020-01-30T07:40:00.974+0300][5.098s] GC(4) Concurrent Mark From Roots
[2020-01-30T07:40:00.974+0300][5.098s] GC(4) Using 1 workers of 1 for marking
[2020-01-30T07:40:01.014+0300][5.139s] GC(4) Concurrent Mark From Roots 40.787ms
[2020-01-30T07:40:01.015+0300][5.139s] GC(4) Concurrent Preclean
[2020-01-30T07:40:01.015+0300][5.139s] GC(4) Concurrent Preclean 0.154ms
[2020-01-30T07:40:01.015+0300][5.139s] GC(4) Concurrent Mark (5.098s, 5.139s) 41.046ms
[2020-01-30T07:40:01.015+0300][5.139s] GC(4) Pause Remark
[2020-01-30T07:40:01.018+0300][5.143s] GC(4) Cleaned string and symbol table, strings: 9238 processed, 23 removed, symbols: 62636 processed, 24 removed
[2020-01-30T07:40:01.019+0300][5.143s] GC(4) Pause Remark 26M->26M(512M) 3.801ms
[2020-01-30T07:40:01.019+0300][5.143s] GC(4) User=0.01s Sys=0.00s Real=0.00s
[2020-01-30T07:40:01.019+0300][5.143s] GC(4) Concurrent Rebuild Remembered Sets
[2020-01-30T07:40:01.040+0300][5.165s] GC(4) Concurrent Rebuild Remembered Sets 21.713ms
[2020-01-30T07:40:01.041+0300][5.165s] GC(4) Pause Cleanup
[2020-01-30T07:40:01.041+0300][5.165s] GC(4) Pause Cleanup 26M->26M(512M) 0.116ms
[2020-01-30T07:40:01.041+0300][5.165s] GC(4) User=0.00s Sys=0.00s Real=0.00s
[2020-01-30T07:40:01.041+0300][5.165s] GC(4) Concurrent Cleanup for Next Mark
[2020-01-30T07:40:01.042+0300][5.167s] GC(4) Concurrent Cleanup for Next Mark 1.190ms
[2020-01-30T07:40:01.042+0300][5.167s] GC(4) Concurrent Cycle 69.378ms
[2020-01-30T07:40:02.363+0300][6.488s] GC(5) Pause Young (Concurrent Start) (G1 Evacuation Pause)
[2020-01-30T07:40:02.364+0300][6.488s] GC(5) Using 4 workers of 4 for evacuation
[2020-01-30T07:40:02.373+0300][6.497s] GC(5)   Pre Evacuate Collection Set: 0.1ms
[2020-01-30T07:40:02.373+0300][6.497s] GC(5)   Evacuate Collection Set: 8.5ms
[2020-01-30T07:40:02.373+0300][6.497s] GC(5)   Post Evacuate Collection Set: 0.4ms
[2020-01-30T07:40:02.373+0300][6.497s] GC(5)   Other: 0.3ms
[2020-01-30T07:40:02.373+0300][6.497s] GC(5) Eden regions: 65->0(90)
[2020-01-30T07:40:02.373+0300][6.497s] GC(5) Survivor regions: 1->4(9)
[2020-01-30T07:40:02.373+0300][6.497s] GC(5) Old regions: 21->21
[2020-01-30T07:40:02.373+0300][6.497s] GC(5) Humongous regions: 4->4
[2020-01-30T07:40:02.373+0300][6.497s] GC(5) Metaspace: 29314K->29314K(1075200K)
[2020-01-30T07:40:02.373+0300][6.497s] GC(5) Pause Young (Concurrent Start) (G1 Evacuation Pause) 88M->27M(512M) 9.392ms
[2020-01-30T07:40:02.373+0300][6.497s] GC(5) User=0.04s Sys=0.00s Real=0.01s
[2020-01-30T07:40:02.373+0300][6.497s] GC(6) Concurrent Cycle
[2020-01-30T07:40:02.373+0300][6.497s] GC(6) Concurrent Clear Claimed Marks
[2020-01-30T07:40:02.373+0300][6.498s] GC(6) Concurrent Clear Claimed Marks 0.079ms
[2020-01-30T07:40:02.373+0300][6.498s] GC(6) Concurrent Scan Root Regions
[2020-01-30T07:40:02.377+0300][6.501s] GC(6) Concurrent Scan Root Regions 3.915ms
[2020-01-30T07:40:02.377+0300][6.502s] GC(6) Concurrent Mark (6.502s)
[2020-01-30T07:40:02.377+0300][6.502s] GC(6) Concurrent Mark From Roots
[2020-01-30T07:40:02.377+0300][6.502s] GC(6) Using 1 workers of 1 for marking
[2020-01-30T07:40:02.412+0300][6.537s] GC(6) Concurrent Mark From Roots 34.958ms
[2020-01-30T07:40:02.412+0300][6.537s] GC(6) Concurrent Preclean
[2020-01-30T07:40:02.412+0300][6.537s] GC(6) Concurrent Preclean 0.276ms
[2020-01-30T07:40:02.412+0300][6.537s] GC(6) Concurrent Mark (6.502s, 6.537s) 35.364ms
[2020-01-30T07:40:02.413+0300][6.537s] GC(6) Pause Remark
[2020-01-30T07:40:02.418+0300][6.542s] GC(6) Cleaned string and symbol table, strings: 13597 processed, 0 removed, symbols: 87424 processed, 38 removed
[2020-01-30T07:40:02.418+0300][6.543s] GC(6) Pause Remark 28M->28M(512M) 5.521ms
[2020-01-30T07:40:02.418+0300][6.543s] GC(6) User=0.02s Sys=0.00s Real=0.00s
[2020-01-30T07:40:02.418+0300][6.543s] GC(6) Concurrent Rebuild Remembered Sets
[2020-01-30T07:40:02.444+0300][6.569s] GC(6) Concurrent Rebuild Remembered Sets 26.259ms
[2020-01-30T07:40:02.447+0300][6.572s] GC(6) Pause Cleanup
[2020-01-30T07:40:02.447+0300][6.572s] GC(6) Pause Cleanup 29M->29M(512M) 0.140ms
[2020-01-30T07:40:02.447+0300][6.572s] GC(6) User=0.00s Sys=0.00s Real=0.00s
[2020-01-30T07:40:02.448+0300][6.572s] GC(6) Concurrent Cleanup for Next Mark
[2020-01-30T07:40:02.449+0300][6.573s] GC(6) Concurrent Cleanup for Next Mark 1.112ms
[2020-01-30T07:40:02.449+0300][6.573s] GC(6) Concurrent Cycle 75.764ms
[2020-01-30T07:40:03.399+0300][7.523s] GC(7) Pause Young (Normal) (G1 Evacuation Pause)
[2020-01-30T07:40:03.399+0300][7.523s] GC(7) Using 4 workers of 4 for evacuation
[2020-01-30T07:40:03.409+0300][7.534s] GC(7)   Pre Evacuate Collection Set: 0.0ms
[2020-01-30T07:40:03.410+0300][7.534s] GC(7)   Evacuate Collection Set: 10.1ms
[2020-01-30T07:40:03.410+0300][7.534s] GC(7)   Post Evacuate Collection Set: 0.6ms
[2020-01-30T07:40:03.410+0300][7.534s] GC(7)   Other: 0.3ms
[2020-01-30T07:40:03.410+0300][7.534s] GC(7) Eden regions: 90->0(114)
[2020-01-30T07:40:03.410+0300][7.534s] GC(7) Survivor regions: 4->6(12)
[2020-01-30T07:40:03.410+0300][7.534s] GC(7) Old regions: 21->21
[2020-01-30T07:40:03.410+0300][7.534s] GC(7) Humongous regions: 4->4
[2020-01-30T07:40:03.410+0300][7.534s] GC(7) Metaspace: 33012K->33012K(1079296K)
[2020-01-30T07:40:03.410+0300][7.534s] GC(7) Pause Young (Normal) (G1 Evacuation Pause) 117M->29M(512M) 11.150ms
[2020-01-30T07:40:03.410+0300][7.534s] GC(7) User=0.04s Sys=0.00s Real=0.02s
[2020-01-30T07:40:03.892+0300][8.017s] GC(8) Pause Young (Normal) (G1 Evacuation Pause)
[2020-01-30T07:40:03.892+0300][8.017s] GC(8) Using 4 workers of 4 for evacuation
[2020-01-30T07:40:03.901+0300][8.026s] GC(8)   Pre Evacuate Collection Set: 0.0ms
[2020-01-30T07:40:03.901+0300][8.026s] GC(8)   Evacuate Collection Set: 8.4ms
[2020-01-30T07:40:03.901+0300][8.026s] GC(8)   Post Evacuate Collection Set: 0.4ms
[2020-01-30T07:40:03.901+0300][8.026s] GC(8)   Other: 0.2ms
[2020-01-30T07:40:03.901+0300][8.026s] GC(8) Eden regions: 114->0(152)
[2020-01-30T07:40:03.901+0300][8.026s] GC(8) Survivor regions: 6->8(15)
[2020-01-30T07:40:03.901+0300][8.026s] GC(8) Old regions: 21->21
[2020-01-30T07:40:03.901+0300][8.026s] GC(8) Humongous regions: 5->4
[2020-01-30T07:40:03.901+0300][8.026s] GC(8) Metaspace: 34676K->34676K(1081344K)
[2020-01-30T07:40:03.901+0300][8.026s] GC(8) Pause Young (Normal) (G1 Evacuation Pause) 144M->31M(512M) 9.223ms
[2020-01-30T07:40:03.901+0300][8.026s] GC(8) User=0.03s Sys=0.01s Real=0.00s
[2020-01-30T07:40:05.469+0300][9.593s] GC(9) Pause Young (Normal) (G1 Evacuation Pause)
[2020-01-30T07:40:05.469+0300][9.593s] GC(9) Using 4 workers of 4 for evacuation
[2020-01-30T07:40:05.488+0300][9.612s] GC(9)   Pre Evacuate Collection Set: 0.0ms
[2020-01-30T07:40:05.488+0300][9.612s] GC(9)   Evacuate Collection Set: 18.5ms
[2020-01-30T07:40:05.488+0300][9.612s] GC(9)   Post Evacuate Collection Set: 0.6ms
[2020-01-30T07:40:05.488+0300][9.613s] GC(9)   Other: 0.2ms
[2020-01-30T07:40:05.488+0300][9.613s] GC(9) Eden regions: 152->0(217)
[2020-01-30T07:40:05.488+0300][9.613s] GC(9) Survivor regions: 8->13(20)
[2020-01-30T07:40:05.488+0300][9.613s] GC(9) Old regions: 21->21
[2020-01-30T07:40:05.488+0300][9.613s] GC(9) Humongous regions: 4->4
[2020-01-30T07:40:05.488+0300][9.613s] GC(9) Metaspace: 42393K->42393K(1087488K)
[2020-01-30T07:40:05.488+0300][9.613s] GC(9) Pause Young (Normal) (G1 Evacuation Pause) 183M->36M(512M) 19.566ms
[2020-01-30T07:40:05.488+0300][9.613s] GC(9) User=0.07s Sys=0.00s Real=0.02s
[2020-01-30T07:45:42.045+0300][346.169s] GC(10) Pause Young (Normal) (G1 Evacuation Pause)
[2020-01-30T07:45:42.045+0300][346.169s] GC(10) Using 4 workers of 4 for evacuation
[2020-01-30T07:45:42.070+0300][346.194s] GC(10)   Pre Evacuate Collection Set: 0.0ms
[2020-01-30T07:45:42.070+0300][346.194s] GC(10)   Evacuate Collection Set: 23.0ms
[2020-01-30T07:45:42.070+0300][346.194s] GC(10)   Post Evacuate Collection Set: 1.7ms
[2020-01-30T07:45:42.070+0300][346.194s] GC(10)   Other: 0.3ms
[2020-01-30T07:45:42.070+0300][346.194s] GC(10) Eden regions: 217->0(292)
[2020-01-30T07:45:42.070+0300][346.194s] GC(10) Survivor regions: 13->15(29)
[2020-01-30T07:45:42.070+0300][346.194s] GC(10) Old regions: 21->21
[2020-01-30T07:45:42.070+0300][346.194s] GC(10) Humongous regions: 4->4
[2020-01-30T07:45:42.070+0300][346.194s] GC(10) Metaspace: 45434K->45434K(1089536K)
[2020-01-30T07:45:42.070+0300][346.194s] GC(10) Pause Young (Normal) (G1 Evacuation Pause) 253M->38M(512M) 25.150ms
[2020-01-30T07:45:42.070+0300][346.194s] GC(10) User=0.09s Sys=0.00s Real=0.03s
[2020-01-30T10:14:51.954+0300][9296.078s] GC(11) Pause Young (Normal) (G1 Evacuation Pause)
[2020-01-30T10:14:51.958+0300][9296.082s] GC(11) Using 4 workers of 4 for evacuation
[2020-01-30T10:14:51.999+0300][9296.124s] GC(11)   Pre Evacuate Collection Set: 4.1ms
[2020-01-30T10:14:51.999+0300][9296.124s] GC(11)   Evacuate Collection Set: 26.7ms
[2020-01-30T10:14:51.999+0300][9296.124s] GC(11)   Post Evacuate Collection Set: 6.3ms
[2020-01-30T10:14:51.999+0300][9296.124s] GC(11)   Other: 24.9ms
[2020-01-30T10:14:52.000+0300][9296.125s] GC(11) Eden regions: 292->0(289)
[2020-01-30T10:14:52.000+0300][9296.125s] GC(11) Survivor regions: 15->18(39)
[2020-01-30T10:14:52.000+0300][9296.125s] GC(11) Old regions: 21->21
[2020-01-30T10:14:52.000+0300][9296.125s] GC(11) Humongous regions: 4->4
[2020-01-30T10:14:52.000+0300][9296.125s] GC(11) Metaspace: 46274K->46274K(1091584K)
[2020-01-30T10:14:52.000+0300][9296.125s] GC(11) Pause Young (Normal) (G1 Evacuation Pause) 330M->41M(512M) 47.865ms
[2020-01-30T10:14:52.000+0300][9296.125s] GC(11) User=0.09s Sys=0.00s Real=0.04s
