[2020-01-29T13:24:58.468+0300][0.030s] Heap region size: 1M
[2020-01-29T13:24:58.482+0300][0.044s] Using G1
[2020-01-29T13:24:58.482+0300][0.044s] Heap address: 0x00000000e0000000, size: 512 MB, Compressed Oops mode: 32-bit
[2020-01-29T13:24:58.482+0300][0.044s] Mark closed archive regions in map: [0x00000000fff00000, 0x00000000fff69ff8]
[2020-01-29T13:24:58.482+0300][0.044s] Mark open archive regions in map: [0x00000000ffe00000, 0x00000000ffe46ff8]
[2020-01-29T13:24:59.532+0300][1.094s] GC(0) Pause Young (Normal) (G1 Evacuation Pause)
[2020-01-29T13:24:59.533+0300][1.095s] GC(0) Using 4 workers of 4 for evacuation
[2020-01-29T13:24:59.553+0300][1.115s] GC(0)   Pre Evacuate Collection Set: 0.0ms
[2020-01-29T13:24:59.553+0300][1.115s] GC(0)   Evacuate Collection Set: 19.9ms
[2020-01-29T13:24:59.553+0300][1.115s] GC(0)   Post Evacuate Collection Set: 0.5ms
[2020-01-29T13:24:59.553+0300][1.115s] GC(0)   Other: 0.9ms
[2020-01-29T13:24:59.553+0300][1.116s] GC(0) Eden regions: 25->0(304)
[2020-01-29T13:24:59.553+0300][1.116s] GC(0) Survivor regions: 0->3(4)
[2020-01-29T13:24:59.553+0300][1.116s] GC(0) Old regions: 2->2
[2020-01-29T13:24:59.554+0300][1.116s] GC(0) Humongous regions: 0->0
[2020-01-29T13:24:59.554+0300][1.116s] GC(0) Metaspace: 6062K->6062K(1056768K)
[2020-01-29T13:24:59.554+0300][1.116s] GC(0) Pause Young (Normal) (G1 Evacuation Pause) 25M->3M(512M) 21.480ms
[2020-01-29T13:24:59.554+0300][1.116s] GC(0) User=0.09s Sys=0.00s Real=0.03s
[2020-01-29T13:25:02.866+0300][4.428s] GC(1) Pause Young (Concurrent Start) (Metadata GC Threshold)
[2020-01-29T13:25:02.866+0300][4.428s] GC(1) Using 4 workers of 4 for evacuation
[2020-01-29T13:25:02.892+0300][4.454s] GC(1)   Pre Evacuate Collection Set: 0.0ms
[2020-01-29T13:25:02.892+0300][4.454s] GC(1)   Evacuate Collection Set: 24.8ms
[2020-01-29T13:25:02.892+0300][4.454s] GC(1)   Post Evacuate Collection Set: 1.1ms
[2020-01-29T13:25:02.892+0300][4.454s] GC(1)   Other: 0.2ms
[2020-01-29T13:25:02.892+0300][4.454s] GC(1) Eden regions: 108->0(68)
[2020-01-29T13:25:02.892+0300][4.454s] GC(1) Survivor regions: 3->18(18)
[2020-01-29T13:25:02.892+0300][4.454s] GC(1) Old regions: 2->3
[2020-01-29T13:25:02.892+0300][4.454s] GC(1) Humongous regions: 4->4
[2020-01-29T13:25:02.892+0300][4.454s] GC(1) Metaspace: 20454K->20454K(1069056K)
[2020-01-29T13:25:02.892+0300][4.454s] GC(1) Pause Young (Concurrent Start) (Metadata GC Threshold) 114M->22M(512M) 26.410ms
[2020-01-29T13:25:02.892+0300][4.454s] GC(1) User=0.08s Sys=0.02s Real=0.02s
[2020-01-29T13:25:02.892+0300][4.454s] GC(2) Concurrent Cycle
[2020-01-29T13:25:02.892+0300][4.454s] GC(2) Concurrent Clear Claimed Marks
[2020-01-29T13:25:02.892+0300][4.454s] GC(2) Concurrent Clear Claimed Marks 0.056ms
[2020-01-29T13:25:02.892+0300][4.454s] GC(2) Concurrent Scan Root Regions
[2020-01-29T13:25:02.902+0300][4.464s] GC(2) Concurrent Scan Root Regions 10.095ms
[2020-01-29T13:25:02.902+0300][4.464s] GC(2) Concurrent Mark (4.464s)
[2020-01-29T13:25:02.902+0300][4.465s] GC(2) Concurrent Mark From Roots
[2020-01-29T13:25:02.902+0300][4.465s] GC(2) Using 1 workers of 1 for marking
[2020-01-29T13:25:02.907+0300][4.469s] GC(2) Concurrent Mark From Roots 4.040ms
[2020-01-29T13:25:02.907+0300][4.469s] GC(2) Concurrent Preclean
[2020-01-29T13:25:02.907+0300][4.469s] GC(2) Concurrent Preclean 0.074ms
[2020-01-29T13:25:02.907+0300][4.469s] GC(2) Concurrent Mark (4.464s, 4.469s) 4.212ms
[2020-01-29T13:25:02.907+0300][4.469s] GC(2) Pause Remark
[2020-01-29T13:25:02.911+0300][4.473s] GC(2) Cleaned string and symbol table, strings: 9208 processed, 0 removed, symbols: 61001 processed, 24 removed
[2020-01-29T13:25:02.911+0300][4.473s] GC(2) Pause Remark 23M->23M(512M) 4.533ms
[2020-01-29T13:25:02.911+0300][4.473s] GC(2) User=0.01s Sys=0.00s Real=0.00s
[2020-01-29T13:25:02.911+0300][4.473s] GC(2) Concurrent Rebuild Remembered Sets
[2020-01-29T13:25:02.915+0300][4.477s] GC(2) Concurrent Rebuild Remembered Sets 3.578ms
[2020-01-29T13:25:02.915+0300][4.477s] GC(2) Pause Cleanup
[2020-01-29T13:25:02.915+0300][4.477s] GC(2) Pause Cleanup 23M->23M(512M) 0.140ms
[2020-01-29T13:25:02.915+0300][4.477s] GC(2) User=0.00s Sys=0.00s Real=0.00s
[2020-01-29T13:25:02.915+0300][4.477s] GC(2) Concurrent Cleanup for Next Mark
[2020-01-29T13:25:02.917+0300][4.479s] GC(2) Concurrent Cleanup for Next Mark 1.166ms
[2020-01-29T13:25:02.917+0300][4.479s] GC(2) Concurrent Cycle 24.474ms
[2020-01-29T13:25:04.066+0300][5.628s] GC(3) Pause Young (Normal) (G1 Evacuation Pause)
[2020-01-29T13:25:04.066+0300][5.628s] GC(3) Using 4 workers of 4 for evacuation
[2020-01-29T13:25:04.095+0300][5.657s] GC(3)   Pre Evacuate Collection Set: 0.0ms
[2020-01-29T13:25:04.095+0300][5.657s] GC(3)   Evacuate Collection Set: 28.4ms
[2020-01-29T13:25:04.095+0300][5.657s] GC(3)   Post Evacuate Collection Set: 0.5ms
[2020-01-29T13:25:04.095+0300][5.657s] GC(3)   Other: 0.2ms
[2020-01-29T13:25:04.095+0300][5.657s] GC(3) Eden regions: 58->0(79)
[2020-01-29T13:25:04.095+0300][5.657s] GC(3) Survivor regions: 18->5(10)
[2020-01-29T13:25:04.095+0300][5.657s] GC(3) Old regions: 3->21
[2020-01-29T13:25:04.095+0300][5.657s] GC(3) Humongous regions: 4->4
[2020-01-29T13:25:04.095+0300][5.658s] GC(3) Metaspace: 28732K->28732K(1075200K)
[2020-01-29T13:25:04.096+0300][5.658s] GC(3) Pause Young (Normal) (G1 Evacuation Pause) 80M->27M(512M) 29.242ms
[2020-01-29T13:25:04.096+0300][5.658s] GC(3) User=0.10s Sys=0.02s Real=0.03s
[2020-01-29T13:25:05.055+0300][6.617s] GC(4) Pause Young (Normal) (G1 Evacuation Pause)
[2020-01-29T13:25:05.055+0300][6.617s] GC(4) Using 4 workers of 4 for evacuation
[2020-01-29T13:25:05.062+0300][6.624s] GC(4)   Pre Evacuate Collection Set: 0.0ms
[2020-01-29T13:25:05.062+0300][6.624s] GC(4)   Evacuate Collection Set: 6.3ms
[2020-01-29T13:25:05.062+0300][6.624s] GC(4)   Post Evacuate Collection Set: 0.6ms
[2020-01-29T13:25:05.062+0300][6.624s] GC(4)   Other: 0.2ms
[2020-01-29T13:25:05.062+0300][6.624s] GC(4) Eden regions: 79->0(106)
[2020-01-29T13:25:05.062+0300][6.624s] GC(4) Survivor regions: 5->6(11)
[2020-01-29T13:25:05.062+0300][6.624s] GC(4) Old regions: 21->21
[2020-01-29T13:25:05.062+0300][6.624s] GC(4) Humongous regions: 4->4
[2020-01-29T13:25:05.062+0300][6.624s] GC(4) Metaspace: 32580K->32580K(1079296K)
[2020-01-29T13:25:05.062+0300][6.624s] GC(4) Pause Young (Normal) (G1 Evacuation Pause) 106M->28M(512M) 7.313ms
[2020-01-29T13:25:05.062+0300][6.624s] GC(4) User=0.03s Sys=0.00s Real=0.00s
[2020-01-29T13:25:05.534+0300][7.096s] GC(5) Pause Young (Normal) (G1 Evacuation Pause)
[2020-01-29T13:25:05.534+0300][7.096s] GC(5) Using 4 workers of 4 for evacuation
[2020-01-29T13:25:05.541+0300][7.103s] GC(5)   Pre Evacuate Collection Set: 0.0ms
[2020-01-29T13:25:05.541+0300][7.103s] GC(5)   Evacuate Collection Set: 6.6ms
[2020-01-29T13:25:05.541+0300][7.103s] GC(5)   Post Evacuate Collection Set: 0.4ms
[2020-01-29T13:25:05.541+0300][7.103s] GC(5)   Other: 0.2ms
[2020-01-29T13:25:05.541+0300][7.103s] GC(5) Eden regions: 106->0(133)
[2020-01-29T13:25:05.541+0300][7.103s] GC(5) Survivor regions: 6->8(14)
[2020-01-29T13:25:05.541+0300][7.103s] GC(5) Old regions: 21->21
[2020-01-29T13:25:05.541+0300][7.103s] GC(5) Humongous regions: 5->4
[2020-01-29T13:25:05.541+0300][7.104s] GC(5) Metaspace: 34554K->34554K(1081344K)
[2020-01-29T13:25:05.541+0300][7.104s] GC(5) Pause Young (Normal) (G1 Evacuation Pause) 135M->30M(512M) 7.398ms
[2020-01-29T13:25:05.542+0300][7.104s] GC(5) User=0.02s Sys=0.00s Real=0.00s
[2020-01-29T13:25:05.692+0300][7.254s] GC(6) Pause Young (Concurrent Start) (Metadata GC Threshold)
[2020-01-29T13:25:05.692+0300][7.254s] GC(6) Using 4 workers of 4 for evacuation
[2020-01-29T13:25:05.701+0300][7.263s] GC(6)   Pre Evacuate Collection Set: 0.1ms
[2020-01-29T13:25:05.701+0300][7.263s] GC(6)   Evacuate Collection Set: 8.4ms
[2020-01-29T13:25:05.701+0300][7.263s] GC(6)   Post Evacuate Collection Set: 0.3ms
[2020-01-29T13:25:05.701+0300][7.263s] GC(6)   Other: 0.2ms
[2020-01-29T13:25:05.701+0300][7.263s] GC(6) Eden regions: 47->0(163)
[2020-01-29T13:25:05.701+0300][7.263s] GC(6) Survivor regions: 8->7(18)
[2020-01-29T13:25:05.701+0300][7.263s] GC(6) Old regions: 21->21
[2020-01-29T13:25:05.701+0300][7.263s] GC(6) Humongous regions: 4->4
[2020-01-29T13:25:05.701+0300][7.263s] GC(6) Metaspace: 34856K->34856K(1081344K)
[2020-01-29T13:25:05.701+0300][7.263s] GC(6) Pause Young (Concurrent Start) (Metadata GC Threshold) 76M->29M(512M) 9.228ms
[2020-01-29T13:25:05.701+0300][7.263s] GC(6) User=0.03s Sys=0.00s Real=0.01s
[2020-01-29T13:25:05.701+0300][7.263s] GC(7) Concurrent Cycle
[2020-01-29T13:25:05.701+0300][7.263s] GC(7) Concurrent Clear Claimed Marks
[2020-01-29T13:25:05.701+0300][7.263s] GC(7) Concurrent Clear Claimed Marks 0.082ms
[2020-01-29T13:25:05.701+0300][7.263s] GC(7) Concurrent Scan Root Regions
[2020-01-29T13:25:05.707+0300][7.269s] GC(7) Concurrent Scan Root Regions 6.274ms
[2020-01-29T13:25:05.707+0300][7.269s] GC(7) Concurrent Mark (7.269s)
[2020-01-29T13:25:05.707+0300][7.269s] GC(7) Concurrent Mark From Roots
[2020-01-29T13:25:05.707+0300][7.269s] GC(7) Using 1 workers of 1 for marking
[2020-01-29T13:25:05.752+0300][7.314s] GC(7) Concurrent Mark From Roots 44.784ms
[2020-01-29T13:25:05.752+0300][7.314s] GC(7) Concurrent Preclean
[2020-01-29T13:25:05.752+0300][7.314s] GC(7) Concurrent Preclean 0.147ms
[2020-01-29T13:25:05.752+0300][7.314s] GC(7) Concurrent Mark (7.269s, 7.314s) 45.040ms
[2020-01-29T13:25:05.753+0300][7.315s] GC(7) Pause Remark
[2020-01-29T13:25:05.760+0300][7.322s] GC(7) Cleaned string and symbol table, strings: 16150 processed, 24 removed, symbols: 102646 processed, 119 removed
[2020-01-29T13:25:05.760+0300][7.322s] GC(7) Pause Remark 35M->35M(512M) 7.370ms
[2020-01-29T13:25:05.760+0300][7.322s] GC(7) User=0.03s Sys=0.00s Real=0.00s
[2020-01-29T13:25:05.760+0300][7.322s] GC(7) Concurrent Rebuild Remembered Sets
[2020-01-29T13:25:05.784+0300][7.346s] GC(7) Concurrent Rebuild Remembered Sets 23.860ms
[2020-01-29T13:25:05.784+0300][7.346s] GC(7) Pause Cleanup
[2020-01-29T13:25:05.784+0300][7.346s] GC(7) Pause Cleanup 36M->36M(512M) 0.171ms
[2020-01-29T13:25:05.784+0300][7.346s] GC(7) User=0.00s Sys=0.00s Real=0.01s
[2020-01-29T13:25:05.784+0300][7.346s] GC(7) Concurrent Cleanup for Next Mark
[2020-01-29T13:25:05.786+0300][7.348s] GC(7) Concurrent Cleanup for Next Mark 1.297ms
[2020-01-29T13:25:05.786+0300][7.348s] GC(7) Concurrent Cycle 84.864ms
[2020-01-29T13:57:59.705+0300][1981.267s] GC(8) Pause Young (Normal) (G1 Evacuation Pause)
[2020-01-29T13:57:59.705+0300][1981.267s] GC(8) Using 4 workers of 4 for evacuation
[2020-01-29T13:57:59.735+0300][1981.297s] GC(8)   Pre Evacuate Collection Set: 0.0ms
[2020-01-29T13:57:59.735+0300][1981.297s] GC(8)   Evacuate Collection Set: 29.4ms
[2020-01-29T13:57:59.735+0300][1981.298s] GC(8)   Post Evacuate Collection Set: 0.8ms
[2020-01-29T13:57:59.735+0300][1981.298s] GC(8)   Other: 0.3ms
[2020-01-29T13:57:59.736+0300][1981.298s] GC(8) Eden regions: 168->0(200)
[2020-01-29T13:57:59.736+0300][1981.298s] GC(8) Survivor regions: 7->13(22)
[2020-01-29T13:57:59.736+0300][1981.298s] GC(8) Old regions: 21->21
[2020-01-29T13:57:59.736+0300][1981.298s] GC(8) Humongous regions: 4->4
[2020-01-29T13:57:59.736+0300][1981.298s] GC(8) Metaspace: 44441K->44441K(1089536K)
[2020-01-29T13:57:59.736+0300][1981.298s] GC(8) Pause Young (Normal) (G1 Evacuation Pause) 197M->35M(512M) 30.809ms
[2020-01-29T13:57:59.736+0300][1981.298s] GC(8) User=0.06s Sys=0.01s Real=0.03s
[2020-01-29T15:17:30.610+0300][6752.172s] Heap
[2020-01-29T15:17:30.611+0300][6752.173s]  garbage-first heap   total 524288K, used 98107K [0x00000000e0000000, 0x0000000100000000)
[2020-01-29T15:17:30.611+0300][6752.173s]   region size 1024K, 74 young (75776K), 13 survivors (13312K)
[2020-01-29T15:17:30.611+0300][6752.173s]  Metaspace       used 46058K, capacity 47122K, committed 47388K, reserved 1091584K
[2020-01-29T15:17:30.611+0300][6752.173s]   class space    used 5460K, capacity 5902K, committed 5996K, reserved 1048576K
