[2020-01-29T19:26:20.465+0300][0.011s] Heap region size: 1M
[2020-01-29T19:26:20.481+0300][0.027s] Using G1
[2020-01-29T19:26:20.481+0300][0.027s] Heap address: 0x00000000e0000000, size: 512 MB, Compressed Oops mode: 32-bit
[2020-01-29T19:26:20.481+0300][0.027s] Mark closed archive regions in map: [0x00000000fff00000, 0x00000000fff69ff8]
[2020-01-29T19:26:20.481+0300][0.027s] Mark open archive regions in map: [0x00000000ffe00000, 0x00000000ffe46ff8]
[2020-01-29T19:26:21.345+0300][0.892s] GC(0) Pause Young (Normal) (G1 Evacuation Pause)
[2020-01-29T19:26:21.346+0300][0.892s] GC(0) Using 4 workers of 4 for evacuation
[2020-01-29T19:26:21.359+0300][0.906s] GC(0)   Pre Evacuate Collection Set: 0.0ms
[2020-01-29T19:26:21.359+0300][0.906s] GC(0)   Evacuate Collection Set: 12.0ms
[2020-01-29T19:26:21.359+0300][0.906s] GC(0)   Post Evacuate Collection Set: 1.3ms
[2020-01-29T19:26:21.359+0300][0.906s] GC(0)   Other: 0.6ms
[2020-01-29T19:26:21.359+0300][0.906s] GC(0) Eden regions: 25->0(304)
[2020-01-29T19:26:21.359+0300][0.906s] GC(0) Survivor regions: 0->3(4)
[2020-01-29T19:26:21.360+0300][0.906s] GC(0) Old regions: 2->2
[2020-01-29T19:26:21.360+0300][0.906s] GC(0) Humongous regions: 0->0
[2020-01-29T19:26:21.360+0300][0.906s] GC(0) Metaspace: 6064K->6064K(1056768K)
[2020-01-29T19:26:21.360+0300][0.906s] GC(0) Pause Young (Normal) (G1 Evacuation Pause) 25M->3M(512M) 14.198ms
[2020-01-29T19:26:21.360+0300][0.906s] GC(0) User=0.05s Sys=0.01s Real=0.02s
[2020-01-29T19:26:23.900+0300][3.446s] GC(1) Pause Young (Concurrent Start) (Metadata GC Threshold)
[2020-01-29T19:26:23.900+0300][3.446s] GC(1) Using 4 workers of 4 for evacuation
[2020-01-29T19:26:23.937+0300][3.483s] GC(1)   Pre Evacuate Collection Set: 0.1ms
[2020-01-29T19:26:23.937+0300][3.483s] GC(1)   Evacuate Collection Set: 35.0ms
[2020-01-29T19:26:23.937+0300][3.483s] GC(1)   Post Evacuate Collection Set: 1.6ms
[2020-01-29T19:26:23.937+0300][3.483s] GC(1)   Other: 0.3ms
[2020-01-29T19:26:23.937+0300][3.483s] GC(1) Eden regions: 113->0(72)
[2020-01-29T19:26:23.937+0300][3.483s] GC(1) Survivor regions: 3->17(17)
[2020-01-29T19:26:23.937+0300][3.483s] GC(1) Old regions: 2->4
[2020-01-29T19:26:23.937+0300][3.483s] GC(1) Humongous regions: 4->4
[2020-01-29T19:26:23.937+0300][3.483s] GC(1) Metaspace: 20462K->20462K(1069056K)
[2020-01-29T19:26:23.937+0300][3.483s] GC(1) Pause Young (Concurrent Start) (Metadata GC Threshold) 120M->23M(512M) 37.142ms
[2020-01-29T19:26:23.937+0300][3.483s] GC(1) User=0.12s Sys=0.00s Real=0.04s
[2020-01-29T19:26:23.937+0300][3.483s] GC(2) Concurrent Cycle
[2020-01-29T19:26:23.937+0300][3.483s] GC(2) Concurrent Clear Claimed Marks
[2020-01-29T19:26:23.937+0300][3.483s] GC(2) Concurrent Clear Claimed Marks 0.065ms
[2020-01-29T19:26:23.937+0300][3.483s] GC(2) Concurrent Scan Root Regions
[2020-01-29T19:26:23.946+0300][3.492s] GC(2) Concurrent Scan Root Regions 9.172ms
[2020-01-29T19:26:23.946+0300][3.492s] GC(2) Concurrent Mark (3.492s)
[2020-01-29T19:26:23.946+0300][3.492s] GC(2) Concurrent Mark From Roots
[2020-01-29T19:26:23.946+0300][3.492s] GC(2) Using 1 workers of 1 for marking
[2020-01-29T19:26:23.968+0300][3.515s] GC(2) Concurrent Mark From Roots 22.149ms
[2020-01-29T19:26:23.968+0300][3.515s] GC(2) Concurrent Preclean
[2020-01-29T19:26:23.969+0300][3.515s] GC(2) Concurrent Preclean 0.118ms
[2020-01-29T19:26:23.969+0300][3.515s] GC(2) Concurrent Mark (3.492s, 3.515s) 22.377ms
[2020-01-29T19:26:23.969+0300][3.515s] GC(2) Pause Remark
[2020-01-29T19:26:23.973+0300][3.519s] GC(2) Cleaned string and symbol table, strings: 9220 processed, 0 removed, symbols: 62220 processed, 24 removed
[2020-01-29T19:26:23.973+0300][3.519s] GC(2) Pause Remark 25M->25M(512M) 4.219ms
[2020-01-29T19:26:23.973+0300][3.519s] GC(2) User=0.01s Sys=0.00s Real=0.00s
[2020-01-29T19:26:23.973+0300][3.519s] GC(2) Concurrent Rebuild Remembered Sets
[2020-01-29T19:26:23.978+0300][3.524s] GC(2) Concurrent Rebuild Remembered Sets 4.589ms
[2020-01-29T19:26:23.978+0300][3.524s] GC(2) Pause Cleanup
[2020-01-29T19:26:23.978+0300][3.524s] GC(2) Pause Cleanup 25M->25M(512M) 0.142ms
[2020-01-29T19:26:23.978+0300][3.524s] GC(2) User=0.00s Sys=0.00s Real=0.00s
[2020-01-29T19:26:23.978+0300][3.524s] GC(2) Concurrent Cleanup for Next Mark
[2020-01-29T19:26:23.979+0300][3.525s] GC(2) Concurrent Cleanup for Next Mark 0.938ms
[2020-01-29T19:26:23.979+0300][3.525s] GC(2) Concurrent Cycle 42.163ms
[2020-01-29T19:26:24.808+0300][4.354s] GC(3) Pause Young (Normal) (G1 Evacuation Pause)
[2020-01-29T19:26:24.808+0300][4.354s] GC(3) Using 4 workers of 4 for evacuation
[2020-01-29T19:26:24.840+0300][4.386s] GC(3)   Pre Evacuate Collection Set: 0.0ms
[2020-01-29T19:26:24.840+0300][4.386s] GC(3)   Evacuate Collection Set: 30.7ms
[2020-01-29T19:26:24.840+0300][4.386s] GC(3)   Post Evacuate Collection Set: 0.7ms
[2020-01-29T19:26:24.840+0300][4.386s] GC(3)   Other: 0.2ms
[2020-01-29T19:26:24.840+0300][4.386s] GC(3) Eden regions: 42->0(66)
[2020-01-29T19:26:24.840+0300][4.386s] GC(3) Survivor regions: 17->4(8)
[2020-01-29T19:26:24.840+0300][4.386s] GC(3) Old regions: 4->21
[2020-01-29T19:26:24.840+0300][4.386s] GC(3) Humongous regions: 4->4
[2020-01-29T19:26:24.840+0300][4.386s] GC(3) Metaspace: 27300K->27300K(1075200K)
[2020-01-29T19:26:24.840+0300][4.386s] GC(3) Pause Young (Normal) (G1 Evacuation Pause) 65M->26M(512M) 31.821ms
[2020-01-29T19:26:24.840+0300][4.386s] GC(3) User=0.13s Sys=0.00s Real=0.03s
[2020-01-29T19:26:25.674+0300][5.220s] GC(4) Pause Young (Normal) (G1 Evacuation Pause)
[2020-01-29T19:26:25.674+0300][5.220s] GC(4) Using 4 workers of 4 for evacuation
[2020-01-29T19:26:25.695+0300][5.241s] GC(4)   Pre Evacuate Collection Set: 0.0ms
[2020-01-29T19:26:25.695+0300][5.241s] GC(4)   Evacuate Collection Set: 19.1ms
[2020-01-29T19:26:25.695+0300][5.241s] GC(4)   Post Evacuate Collection Set: 1.5ms
[2020-01-29T19:26:25.695+0300][5.241s] GC(4)   Other: 0.2ms
[2020-01-29T19:26:25.695+0300][5.241s] GC(4) Eden regions: 66->0(85)
[2020-01-29T19:26:25.695+0300][5.241s] GC(4) Survivor regions: 4->5(9)
[2020-01-29T19:26:25.695+0300][5.241s] GC(4) Old regions: 21->21
[2020-01-29T19:26:25.695+0300][5.241s] GC(4) Humongous regions: 4->4
[2020-01-29T19:26:25.695+0300][5.241s] GC(4) Metaspace: 31645K->31645K(1077248K)
[2020-01-29T19:26:25.695+0300][5.241s] GC(4) Pause Young (Normal) (G1 Evacuation Pause) 92M->27M(512M) 21.125ms
[2020-01-29T19:26:25.695+0300][5.241s] GC(4) User=0.08s Sys=0.00s Real=0.02s
[2020-01-29T19:26:26.144+0300][5.690s] GC(5) Pause Young (Normal) (G1 Evacuation Pause)
[2020-01-29T19:26:26.144+0300][5.690s] GC(5) Using 4 workers of 4 for evacuation
[2020-01-29T19:26:26.150+0300][5.697s] GC(5)   Pre Evacuate Collection Set: 0.0ms
[2020-01-29T19:26:26.150+0300][5.697s] GC(5)   Evacuate Collection Set: 6.0ms
[2020-01-29T19:26:26.150+0300][5.697s] GC(5)   Post Evacuate Collection Set: 0.4ms
[2020-01-29T19:26:26.150+0300][5.697s] GC(5)   Other: 0.2ms
[2020-01-29T19:26:26.150+0300][5.697s] GC(5) Eden regions: 85->0(112)
[2020-01-29T19:26:26.150+0300][5.697s] GC(5) Survivor regions: 5->6(12)
[2020-01-29T19:26:26.150+0300][5.697s] GC(5) Old regions: 21->21
[2020-01-29T19:26:26.150+0300][5.697s] GC(5) Humongous regions: 4->4
[2020-01-29T19:26:26.151+0300][5.697s] GC(5) Metaspace: 33647K->33647K(1079296K)
[2020-01-29T19:26:26.151+0300][5.697s] GC(5) Pause Young (Normal) (G1 Evacuation Pause) 112M->29M(512M) 6.737ms
[2020-01-29T19:26:26.151+0300][5.697s] GC(5) User=0.03s Sys=0.00s Real=0.01s
[2020-01-29T19:26:26.495+0300][6.041s] GC(6) Pause Young (Concurrent Start) (Metadata GC Threshold)
[2020-01-29T19:26:26.495+0300][6.041s] GC(6) Using 4 workers of 4 for evacuation
[2020-01-29T19:26:26.507+0300][6.053s] GC(6)   Pre Evacuate Collection Set: 0.1ms
[2020-01-29T19:26:26.507+0300][6.053s] GC(6)   Evacuate Collection Set: 10.7ms
[2020-01-29T19:26:26.507+0300][6.053s] GC(6)   Post Evacuate Collection Set: 0.4ms
[2020-01-29T19:26:26.507+0300][6.053s] GC(6)   Other: 0.2ms
[2020-01-29T19:26:26.507+0300][6.053s] GC(6) Eden regions: 98->0(131)
[2020-01-29T19:26:26.507+0300][6.053s] GC(6) Survivor regions: 6->8(15)
[2020-01-29T19:26:26.507+0300][6.053s] GC(6) Old regions: 21->21
[2020-01-29T19:26:26.507+0300][6.053s] GC(6) Humongous regions: 5->4
[2020-01-29T19:26:26.507+0300][6.053s] GC(6) Metaspace: 34817K->34817K(1081344K)
[2020-01-29T19:26:26.507+0300][6.053s] GC(6) Pause Young (Concurrent Start) (Metadata GC Threshold) 127M->30M(512M) 11.526ms
[2020-01-29T19:26:26.507+0300][6.053s] GC(6) User=0.04s Sys=0.00s Real=0.01s
[2020-01-29T19:26:26.507+0300][6.053s] GC(7) Concurrent Cycle
[2020-01-29T19:26:26.507+0300][6.053s] GC(7) Concurrent Clear Claimed Marks
[2020-01-29T19:26:26.507+0300][6.053s] GC(7) Concurrent Clear Claimed Marks 0.061ms
[2020-01-29T19:26:26.507+0300][6.053s] GC(7) Concurrent Scan Root Regions
[2020-01-29T19:26:26.513+0300][6.059s] GC(7) Concurrent Scan Root Regions 6.178ms
[2020-01-29T19:26:26.513+0300][6.059s] GC(7) Concurrent Mark (6.059s)
[2020-01-29T19:26:26.513+0300][6.059s] GC(7) Concurrent Mark From Roots
[2020-01-29T19:26:26.513+0300][6.059s] GC(7) Using 1 workers of 1 for marking
[2020-01-29T19:26:26.553+0300][6.100s] GC(7) Concurrent Mark From Roots 40.122ms
[2020-01-29T19:26:26.553+0300][6.100s] GC(7) Concurrent Preclean
[2020-01-29T19:26:26.554+0300][6.100s] GC(7) Concurrent Preclean 0.151ms
[2020-01-29T19:26:26.554+0300][6.100s] GC(7) Concurrent Mark (6.059s, 6.100s) 40.382ms
[2020-01-29T19:26:26.554+0300][6.100s] GC(7) Pause Remark
[2020-01-29T19:26:26.559+0300][6.106s] GC(7) Cleaned string and symbol table, strings: 16025 processed, 24 removed, symbols: 102028 processed, 119 removed
[2020-01-29T19:26:26.560+0300][6.106s] GC(7) Pause Remark 34M->34M(512M) 5.895ms
[2020-01-29T19:26:26.560+0300][6.106s] GC(7) User=0.02s Sys=0.00s Real=0.00s
[2020-01-29T19:26:26.560+0300][6.106s] GC(7) Concurrent Rebuild Remembered Sets
[2020-01-29T19:26:26.581+0300][6.127s] GC(7) Concurrent Rebuild Remembered Sets 21.137ms
[2020-01-29T19:26:26.581+0300][6.127s] GC(7) Pause Cleanup
[2020-01-29T19:26:26.581+0300][6.127s] GC(7) Pause Cleanup 35M->35M(512M) 0.137ms
[2020-01-29T19:26:26.581+0300][6.128s] GC(7) User=0.00s Sys=0.00s Real=0.00s
[2020-01-29T19:26:26.581+0300][6.128s] GC(7) Concurrent Cleanup for Next Mark
[2020-01-29T19:26:26.583+0300][6.129s] GC(7) Concurrent Cleanup for Next Mark 1.372ms
[2020-01-29T19:26:26.583+0300][6.129s] GC(7) Concurrent Cycle 75.979ms
[2020-01-29T19:26:27.953+0300][7.500s] GC(8) Pause Young (Normal) (G1 Evacuation Pause)
[2020-01-29T19:26:27.954+0300][7.500s] GC(8) Using 4 workers of 4 for evacuation
[2020-01-29T19:26:27.973+0300][7.520s] GC(8)   Pre Evacuate Collection Set: 0.0ms
[2020-01-29T19:26:27.973+0300][7.520s] GC(8)   Evacuate Collection Set: 18.9ms
[2020-01-29T19:26:27.974+0300][7.520s] GC(8)   Post Evacuate Collection Set: 0.8ms
[2020-01-29T19:26:27.974+0300][7.520s] GC(8)   Other: 0.3ms
[2020-01-29T19:26:27.974+0300][7.520s] GC(8) Eden regions: 136->0(295)
[2020-01-29T19:26:27.974+0300][7.520s] GC(8) Survivor regions: 8->12(18)
[2020-01-29T19:26:27.974+0300][7.520s] GC(8) Old regions: 21->21
[2020-01-29T19:26:27.974+0300][7.520s] GC(8) Humongous regions: 4->4
[2020-01-29T19:26:27.974+0300][7.520s] GC(8) Metaspace: 42789K->42789K(1087488K)
[2020-01-29T19:26:27.974+0300][7.520s] GC(8) Pause Young (Normal) (G1 Evacuation Pause) 166M->35M(512M) 20.247ms
[2020-01-29T19:26:27.974+0300][7.520s] GC(8) User=0.07s Sys=0.00s Real=0.03s
