[2020-01-29T10:28:27.760+0300][0.007s] Heap region size: 1M
[2020-01-29T10:28:27.773+0300][0.020s] Using G1
[2020-01-29T10:28:27.773+0300][0.020s] Heap address: 0x00000000e0000000, size: 512 MB, Compressed Oops mode: 32-bit
[2020-01-29T10:28:27.773+0300][0.020s] Mark closed archive regions in map: [0x00000000fff00000, 0x00000000fff69ff8]
[2020-01-29T10:28:27.773+0300][0.020s] Mark open archive regions in map: [0x00000000ffe00000, 0x00000000ffe46ff8]
[2020-01-29T10:28:28.715+0300][0.961s] GC(0) Pause Young (Normal) (G1 Evacuation Pause)
[2020-01-29T10:28:28.715+0300][0.962s] GC(0) Using 4 workers of 4 for evacuation
[2020-01-29T10:28:28.728+0300][0.974s] GC(0)   Pre Evacuate Collection Set: 0.0ms
[2020-01-29T10:28:28.728+0300][0.974s] GC(0)   Evacuate Collection Set: 11.8ms
[2020-01-29T10:28:28.728+0300][0.974s] GC(0)   Post Evacuate Collection Set: 0.6ms
[2020-01-29T10:28:28.728+0300][0.974s] GC(0)   Other: 0.5ms
[2020-01-29T10:28:28.728+0300][0.975s] GC(0) Eden regions: 25->0(304)
[2020-01-29T10:28:28.728+0300][0.975s] GC(0) Survivor regions: 0->3(4)
[2020-01-29T10:28:28.728+0300][0.975s] GC(0) Old regions: 2->2
[2020-01-29T10:28:28.728+0300][0.975s] GC(0) Humongous regions: 0->0
[2020-01-29T10:28:28.728+0300][0.975s] GC(0) Metaspace: 6053K->6053K(1056768K)
[2020-01-29T10:28:28.728+0300][0.975s] GC(0) Pause Young (Normal) (G1 Evacuation Pause) 25M->3M(512M) 13.117ms
[2020-01-29T10:28:28.728+0300][0.975s] GC(0) User=0.05s Sys=0.01s Real=0.02s
[2020-01-29T10:28:31.015+0300][3.262s] GC(1) Pause Young (Normal) (G1 Evacuation Pause)
[2020-01-29T10:28:31.015+0300][3.262s] GC(1) Using 4 workers of 4 for evacuation
[2020-01-29T10:28:31.044+0300][3.290s] GC(1)   Pre Evacuate Collection Set: 0.0ms
[2020-01-29T10:28:31.044+0300][3.291s] GC(1)   Evacuate Collection Set: 28.0ms
[2020-01-29T10:28:31.044+0300][3.291s] GC(1)   Post Evacuate Collection Set: 0.6ms
[2020-01-29T10:28:31.044+0300][3.291s] GC(1)   Other: 0.2ms
[2020-01-29T10:28:31.044+0300][3.291s] GC(1) Eden regions: 89->0(62)
[2020-01-29T10:28:31.044+0300][3.291s] GC(1) Survivor regions: 3->12(12)
[2020-01-29T10:28:31.044+0300][3.291s] GC(1) Old regions: 2->9
[2020-01-29T10:28:31.044+0300][3.291s] GC(1) Humongous regions: 4->4
[2020-01-29T10:28:31.044+0300][3.291s] GC(1) Metaspace: 19732K->19732K(1067008K)
[2020-01-29T10:28:31.044+0300][3.291s] GC(1) Pause Young (Normal) (G1 Evacuation Pause) 96M->23M(512M) 29.033ms
[2020-01-29T10:28:31.044+0300][3.291s] GC(1) User=0.09s Sys=0.02s Real=0.03s
[2020-01-29T10:28:31.664+0300][3.910s] GC(2) Pause Young (Concurrent Start) (Metadata GC Threshold)
[2020-01-29T10:28:31.664+0300][3.910s] GC(2) Using 4 workers of 4 for evacuation
[2020-01-29T10:28:31.677+0300][3.924s] GC(2)   Pre Evacuate Collection Set: 0.0ms
[2020-01-29T10:28:31.677+0300][3.924s] GC(2)   Evacuate Collection Set: 12.7ms
[2020-01-29T10:28:31.677+0300][3.924s] GC(2)   Post Evacuate Collection Set: 0.5ms
[2020-01-29T10:28:31.677+0300][3.924s] GC(2)   Other: 0.2ms
[2020-01-29T10:28:31.677+0300][3.924s] GC(2) Eden regions: 33->0(55)
[2020-01-29T10:28:31.677+0300][3.924s] GC(2) Survivor regions: 12->1(7)
[2020-01-29T10:28:31.677+0300][3.924s] GC(2) Old regions: 9->21
[2020-01-29T10:28:31.677+0300][3.924s] GC(2) Humongous regions: 4->4
[2020-01-29T10:28:31.677+0300][3.924s] GC(2) Metaspace: 20386K->20386K(1069056K)
[2020-01-29T10:28:31.677+0300][3.924s] GC(2) Pause Young (Concurrent Start) (Metadata GC Threshold) 56M->24M(512M) 13.590ms
[2020-01-29T10:28:31.677+0300][3.924s] GC(2) User=0.04s Sys=0.01s Real=0.02s
[2020-01-29T10:28:31.677+0300][3.924s] GC(3) Concurrent Cycle
[2020-01-29T10:28:31.677+0300][3.924s] GC(3) Concurrent Clear Claimed Marks
[2020-01-29T10:28:31.677+0300][3.924s] GC(3) Concurrent Clear Claimed Marks 0.048ms
[2020-01-29T10:28:31.677+0300][3.924s] GC(3) Concurrent Scan Root Regions
[2020-01-29T10:28:31.678+0300][3.924s] GC(3) Concurrent Scan Root Regions 0.445ms
[2020-01-29T10:28:31.678+0300][3.925s] GC(3) Concurrent Mark (3.925s)
[2020-01-29T10:28:31.678+0300][3.925s] GC(3) Concurrent Mark From Roots
[2020-01-29T10:28:31.678+0300][3.925s] GC(3) Using 1 workers of 1 for marking
[2020-01-29T10:28:31.716+0300][3.963s] GC(3) Concurrent Mark From Roots 38.131ms
[2020-01-29T10:28:31.716+0300][3.963s] GC(3) Concurrent Preclean
[2020-01-29T10:28:31.716+0300][3.963s] GC(3) Concurrent Preclean 0.204ms
[2020-01-29T10:28:31.716+0300][3.963s] GC(3) Concurrent Mark (3.925s, 3.963s) 38.436ms
[2020-01-29T10:28:31.716+0300][3.963s] GC(3) Pause Remark
[2020-01-29T10:28:31.720+0300][3.966s] GC(3) Cleaned string and symbol table, strings: 9248 processed, 0 removed, symbols: 62857 processed, 32 removed
[2020-01-29T10:28:31.720+0300][3.966s] GC(3) Pause Remark 27M->27M(512M) 3.393ms
[2020-01-29T10:28:31.720+0300][3.967s] GC(3) User=0.01s Sys=0.00s Real=0.00s
[2020-01-29T10:28:31.720+0300][3.967s] GC(3) Concurrent Rebuild Remembered Sets
[2020-01-29T10:28:31.747+0300][3.994s] GC(3) Concurrent Rebuild Remembered Sets 27.375ms
[2020-01-29T10:28:31.747+0300][3.994s] GC(3) Pause Cleanup
[2020-01-29T10:28:31.748+0300][3.994s] GC(3) Pause Cleanup 28M->28M(512M) 0.144ms
[2020-01-29T10:28:31.748+0300][3.994s] GC(3) User=0.00s Sys=0.00s Real=0.00s
[2020-01-29T10:28:31.748+0300][3.994s] GC(3) Concurrent Cleanup for Next Mark
[2020-01-29T10:28:31.749+0300][3.995s] GC(3) Concurrent Cleanup for Next Mark 0.960ms
[2020-01-29T10:28:31.749+0300][3.995s] GC(3) Concurrent Cycle 71.411ms
[2020-01-29T10:28:32.762+0300][5.009s] GC(4) Pause Young (Concurrent Start) (G1 Evacuation Pause)
[2020-01-29T10:28:32.762+0300][5.009s] GC(4) Using 4 workers of 4 for evacuation
[2020-01-29T10:28:32.772+0300][5.018s] GC(4)   Pre Evacuate Collection Set: 0.0ms
[2020-01-29T10:28:32.772+0300][5.018s] GC(4)   Evacuate Collection Set: 8.3ms
[2020-01-29T10:28:32.772+0300][5.018s] GC(4)   Post Evacuate Collection Set: 0.9ms
[2020-01-29T10:28:32.772+0300][5.018s] GC(4)   Other: 0.2ms
[2020-01-29T10:28:32.772+0300][5.018s] GC(4) Eden regions: 55->0(77)
[2020-01-29T10:28:32.772+0300][5.019s] GC(4) Survivor regions: 1->4(7)
[2020-01-29T10:28:32.772+0300][5.019s] GC(4) Old regions: 21->21
[2020-01-29T10:28:32.772+0300][5.019s] GC(4) Humongous regions: 4->4
[2020-01-29T10:28:32.772+0300][5.019s] GC(4) Metaspace: 28445K->28445K(1075200K)
[2020-01-29T10:28:32.772+0300][5.019s] GC(4) Pause Young (Concurrent Start) (G1 Evacuation Pause) 79M->26M(512M) 9.633ms
[2020-01-29T10:28:32.772+0300][5.019s] GC(4) User=0.04s Sys=0.00s Real=0.01s
[2020-01-29T10:28:32.772+0300][5.019s] GC(5) Concurrent Cycle
[2020-01-29T10:28:32.772+0300][5.019s] GC(5) Concurrent Clear Claimed Marks
[2020-01-29T10:28:32.772+0300][5.019s] GC(5) Concurrent Clear Claimed Marks 0.069ms
[2020-01-29T10:28:32.772+0300][5.019s] GC(5) Concurrent Scan Root Regions
[2020-01-29T10:28:32.775+0300][5.022s] GC(5) Concurrent Scan Root Regions 3.149ms
[2020-01-29T10:28:32.775+0300][5.022s] GC(5) Concurrent Mark (5.022s)
[2020-01-29T10:28:32.775+0300][5.022s] GC(5) Concurrent Mark From Roots
[2020-01-29T10:28:32.775+0300][5.022s] GC(5) Using 1 workers of 1 for marking
[2020-01-29T10:28:32.818+0300][5.064s] GC(5) Concurrent Mark From Roots 42.318ms
[2020-01-29T10:28:32.818+0300][5.064s] GC(5) Concurrent Preclean
[2020-01-29T10:28:32.818+0300][5.065s] GC(5) Concurrent Preclean 0.185ms
[2020-01-29T10:28:32.818+0300][5.065s] GC(5) Concurrent Mark (5.022s, 5.065s) 42.633ms
[2020-01-29T10:28:32.818+0300][5.065s] GC(5) Pause Remark
[2020-01-29T10:28:32.823+0300][5.070s] GC(5) Cleaned string and symbol table, strings: 13345 processed, 24 removed, symbols: 84780 processed, 35 removed
[2020-01-29T10:28:32.823+0300][5.070s] GC(5) Pause Remark 30M->30M(512M) 5.393ms
[2020-01-29T10:28:32.823+0300][5.070s] GC(5) User=0.02s Sys=0.00s Real=0.00s
[2020-01-29T10:28:32.823+0300][5.070s] GC(5) Concurrent Rebuild Remembered Sets
[2020-01-29T10:28:32.848+0300][5.095s] GC(5) Concurrent Rebuild Remembered Sets 24.620ms
[2020-01-29T10:28:32.848+0300][5.095s] GC(5) Pause Cleanup
[2020-01-29T10:28:32.848+0300][5.095s] GC(5) Pause Cleanup 32M->32M(512M) 0.128ms
[2020-01-29T10:28:32.848+0300][5.095s] GC(5) User=0.00s Sys=0.00s Real=0.00s
[2020-01-29T10:28:32.848+0300][5.095s] GC(5) Concurrent Cleanup for Next Mark
[2020-01-29T10:28:32.852+0300][5.099s] GC(5) Concurrent Cleanup for Next Mark 3.631ms
[2020-01-29T10:28:32.852+0300][5.099s] GC(5) Concurrent Cycle 80.254ms
[2020-01-29T10:30:44.940+0300][137.187s] GC(6) Pause Young (Normal) (G1 Evacuation Pause)
[2020-01-29T10:30:44.941+0300][137.187s] GC(6) Using 4 workers of 4 for evacuation
[2020-01-29T10:30:44.953+0300][137.200s] GC(6)   Pre Evacuate Collection Set: 0.0ms
[2020-01-29T10:30:44.953+0300][137.200s] GC(6)   Evacuate Collection Set: 11.6ms
[2020-01-29T10:30:44.953+0300][137.200s] GC(6)   Post Evacuate Collection Set: 0.6ms
[2020-01-29T10:30:44.953+0300][137.200s] GC(6)   Other: 0.3ms
[2020-01-29T10:30:44.953+0300][137.200s] GC(6) Eden regions: 77->0(106)
[2020-01-29T10:30:44.953+0300][137.200s] GC(6) Survivor regions: 4->6(11)
[2020-01-29T10:30:44.953+0300][137.200s] GC(6) Old regions: 21->21
[2020-01-29T10:30:44.953+0300][137.200s] GC(6) Humongous regions: 4->4
[2020-01-29T10:30:44.953+0300][137.200s] GC(6) Metaspace: 33812K->33812K(1079296K)
[2020-01-29T10:30:44.953+0300][137.200s] GC(6) Pause Young (Normal) (G1 Evacuation Pause) 103M->28M(512M) 12.682ms
[2020-01-29T10:30:44.953+0300][137.200s] GC(6) User=0.05s Sys=0.00s Real=0.01s
[2020-01-29T10:30:45.570+0300][137.817s] GC(7) Pause Young (Normal) (G1 Evacuation Pause)
[2020-01-29T10:30:45.571+0300][137.817s] GC(7) Using 4 workers of 4 for evacuation
[2020-01-29T10:30:45.591+0300][137.838s] GC(7)   Pre Evacuate Collection Set: 0.0ms
[2020-01-29T10:30:45.591+0300][137.838s] GC(7)   Evacuate Collection Set: 19.8ms
[2020-01-29T10:30:45.591+0300][137.838s] GC(7)   Post Evacuate Collection Set: 0.5ms
[2020-01-29T10:30:45.591+0300][137.838s] GC(7)   Other: 0.3ms
[2020-01-29T10:30:45.591+0300][137.838s] GC(7) Eden regions: 106->0(169)
[2020-01-29T10:30:45.591+0300][137.838s] GC(7) Survivor regions: 6->8(14)
[2020-01-29T10:30:45.591+0300][137.838s] GC(7) Old regions: 21->21
[2020-01-29T10:30:45.591+0300][137.838s] GC(7) Humongous regions: 4->4
[2020-01-29T10:30:45.591+0300][137.838s] GC(7) Metaspace: 36469K->36469K(1083392K)
[2020-01-29T10:30:45.591+0300][137.838s] GC(7) Pause Young (Normal) (G1 Evacuation Pause) 134M->30M(512M) 20.762ms
[2020-01-29T10:30:45.591+0300][137.838s] GC(7) User=0.08s Sys=0.00s Real=0.02s
[2020-01-29T10:30:47.068+0300][139.315s] GC(8) Pause Young (Normal) (G1 Evacuation Pause)
[2020-01-29T10:30:47.068+0300][139.315s] GC(8) Using 4 workers of 4 for evacuation
[2020-01-29T10:30:47.097+0300][139.343s] GC(8)   Pre Evacuate Collection Set: 0.0ms
[2020-01-29T10:30:47.097+0300][139.343s] GC(8)   Evacuate Collection Set: 27.1ms
[2020-01-29T10:30:47.097+0300][139.343s] GC(8)   Post Evacuate Collection Set: 1.0ms
[2020-01-29T10:30:47.097+0300][139.343s] GC(8)   Other: 0.3ms
[2020-01-29T10:30:47.097+0300][139.344s] GC(8) Eden regions: 169->0(296)
[2020-01-29T10:30:47.097+0300][139.344s] GC(8) Survivor regions: 8->11(23)
[2020-01-29T10:30:47.097+0300][139.344s] GC(8) Old regions: 21->21
[2020-01-29T10:30:47.097+0300][139.344s] GC(8) Humongous regions: 5->4
[2020-01-29T10:30:47.097+0300][139.344s] GC(8) Metaspace: 42360K->42360K(1087488K)
[2020-01-29T10:30:47.097+0300][139.344s] GC(8) Pause Young (Normal) (G1 Evacuation Pause) 200M->33M(512M) 28.634ms
[2020-01-29T10:30:47.097+0300][139.344s] GC(8) User=0.11s Sys=0.00s Real=0.03s
