[2020-01-29T15:17:32.713+0300][0.011s] Heap region size: 1M
[2020-01-29T15:17:32.731+0300][0.029s] Using G1
[2020-01-29T15:17:32.731+0300][0.029s] Heap address: 0x00000000e0000000, size: 512 MB, Compressed Oops mode: 32-bit
[2020-01-29T15:17:32.732+0300][0.029s] Mark closed archive regions in map: [0x00000000fff00000, 0x00000000fff69ff8]
[2020-01-29T15:17:32.732+0300][0.029s] Mark open archive regions in map: [0x00000000ffe00000, 0x00000000ffe46ff8]
[2020-01-29T15:17:33.519+0300][0.817s] GC(0) Pause Young (Normal) (G1 Evacuation Pause)
[2020-01-29T15:17:33.522+0300][0.820s] GC(0) Using 4 workers of 4 for evacuation
[2020-01-29T15:17:33.603+0300][0.900s] GC(0)   Pre Evacuate Collection Set: 0.0ms
[2020-01-29T15:17:33.603+0300][0.900s] GC(0)   Evacuate Collection Set: 70.5ms
[2020-01-29T15:17:33.603+0300][0.900s] GC(0)   Post Evacuate Collection Set: 1.1ms
[2020-01-29T15:17:33.603+0300][0.900s] GC(0)   Other: 11.6ms
[2020-01-29T15:17:33.603+0300][0.901s] GC(0) Eden regions: 25->0(304)
[2020-01-29T15:17:33.603+0300][0.901s] GC(0) Survivor regions: 0->3(4)
[2020-01-29T15:17:33.603+0300][0.901s] GC(0) Old regions: 2->2
[2020-01-29T15:17:33.603+0300][0.901s] GC(0) Humongous regions: 0->0
[2020-01-29T15:17:33.603+0300][0.901s] GC(0) Metaspace: 6034K->6034K(1056768K)
[2020-01-29T15:17:33.603+0300][0.901s] GC(0) Pause Young (Normal) (G1 Evacuation Pause) 25M->3M(512M) 83.807ms
[2020-01-29T15:17:33.603+0300][0.901s] GC(0) User=0.09s Sys=0.00s Real=0.08s
[2020-01-29T15:17:34.271+0300][1.569s] GC(1) Pause Young (Normal) (G1 Evacuation Pause)
[2020-01-29T15:17:34.271+0300][1.569s] GC(1) Using 4 workers of 4 for evacuation
[2020-01-29T15:17:34.296+0300][1.594s] GC(1)   Pre Evacuate Collection Set: 0.0ms
[2020-01-29T15:17:34.296+0300][1.594s] GC(1)   Evacuate Collection Set: 23.9ms
[2020-01-29T15:17:34.296+0300][1.594s] GC(1)   Post Evacuate Collection Set: 1.1ms
[2020-01-29T15:17:34.296+0300][1.594s] GC(1)   Other: 0.2ms
[2020-01-29T15:17:34.296+0300][1.594s] GC(1) Eden regions: 23->0(37)
[2020-01-29T15:17:34.296+0300][1.594s] GC(1) Survivor regions: 3->4(4)
[2020-01-29T15:17:34.296+0300][1.594s] GC(1) Old regions: 2->10
[2020-01-29T15:17:34.296+0300][1.594s] GC(1) Humongous regions: 4->4
[2020-01-29T15:17:34.296+0300][1.594s] GC(1) Metaspace: 12430K->12430K(1060864K)
[2020-01-29T15:17:34.296+0300][1.594s] GC(1) Pause Young (Normal) (G1 Evacuation Pause) 30M->15M(512M) 25.528ms
[2020-01-29T15:17:34.296+0300][1.594s] GC(1) User=0.09s Sys=0.00s Real=0.03s
[2020-01-29T15:17:35.108+0300][2.406s] GC(2) Pause Young (Normal) (G1 Evacuation Pause)
[2020-01-29T15:17:35.108+0300][2.406s] GC(2) Using 4 workers of 4 for evacuation
[2020-01-29T15:17:35.130+0300][2.428s] GC(2)   Pre Evacuate Collection Set: 0.0ms
[2020-01-29T15:17:35.130+0300][2.428s] GC(2)   Evacuate Collection Set: 20.8ms
[2020-01-29T15:17:35.130+0300][2.428s] GC(2)   Post Evacuate Collection Set: 1.0ms
[2020-01-29T15:17:35.130+0300][2.428s] GC(2)   Other: 0.3ms
[2020-01-29T15:17:35.130+0300][2.428s] GC(2) Eden regions: 37->0(48)
[2020-01-29T15:17:35.130+0300][2.428s] GC(2) Survivor regions: 4->6(6)
[2020-01-29T15:17:35.130+0300][2.428s] GC(2) Old regions: 10->15
[2020-01-29T15:17:35.130+0300][2.428s] GC(2) Humongous regions: 4->4
[2020-01-29T15:17:35.130+0300][2.428s] GC(2) Metaspace: 16132K->16132K(1064960K)
[2020-01-29T15:17:35.130+0300][2.428s] GC(2) Pause Young (Normal) (G1 Evacuation Pause) 52M->23M(512M) 22.305ms
[2020-01-29T15:17:35.130+0300][2.428s] GC(2) User=0.06s Sys=0.00s Real=0.02s
[2020-01-29T15:17:35.911+0300][3.209s] GC(3) Pause Young (Concurrent Start) (Metadata GC Threshold)
[2020-01-29T15:17:35.911+0300][3.209s] GC(3) Using 4 workers of 4 for evacuation
[2020-01-29T15:17:35.921+0300][3.218s] GC(3)   Pre Evacuate Collection Set: 0.0ms
[2020-01-29T15:17:35.921+0300][3.219s] GC(3)   Evacuate Collection Set: 8.6ms
[2020-01-29T15:17:35.921+0300][3.219s] GC(3)   Post Evacuate Collection Set: 0.3ms
[2020-01-29T15:17:35.921+0300][3.219s] GC(3)   Other: 0.2ms
[2020-01-29T15:17:35.921+0300][3.219s] GC(3) Eden regions: 42->0(60)
[2020-01-29T15:17:35.921+0300][3.219s] GC(3) Survivor regions: 6->1(7)
[2020-01-29T15:17:35.921+0300][3.219s] GC(3) Old regions: 15->21
[2020-01-29T15:17:35.921+0300][3.219s] GC(3) Humongous regions: 4->4
[2020-01-29T15:17:35.921+0300][3.219s] GC(3) Metaspace: 20433K->20433K(1069056K)
[2020-01-29T15:17:35.921+0300][3.219s] GC(3) Pause Young (Concurrent Start) (Metadata GC Threshold) 64M->24M(512M) 9.512ms
[2020-01-29T15:17:35.921+0300][3.219s] GC(3) User=0.04s Sys=0.00s Real=0.01s
[2020-01-29T15:17:35.921+0300][3.219s] GC(4) Concurrent Cycle
[2020-01-29T15:17:35.921+0300][3.219s] GC(4) Concurrent Clear Claimed Marks
[2020-01-29T15:17:35.921+0300][3.219s] GC(4) Concurrent Clear Claimed Marks 0.062ms
[2020-01-29T15:17:35.921+0300][3.219s] GC(4) Concurrent Scan Root Regions
[2020-01-29T15:17:35.923+0300][3.220s] GC(4) Concurrent Scan Root Regions 1.398ms
[2020-01-29T15:17:35.923+0300][3.220s] GC(4) Concurrent Mark (3.220s)
[2020-01-29T15:17:35.923+0300][3.220s] GC(4) Concurrent Mark From Roots
[2020-01-29T15:17:35.923+0300][3.220s] GC(4) Using 1 workers of 1 for marking
[2020-01-29T15:17:35.955+0300][3.253s] GC(4) Concurrent Mark From Roots 32.820ms
[2020-01-29T15:17:35.956+0300][3.253s] GC(4) Concurrent Preclean
[2020-01-29T15:17:35.956+0300][3.253s] GC(4) Concurrent Preclean 0.122ms
[2020-01-29T15:17:35.956+0300][3.253s] GC(4) Concurrent Mark (3.220s, 3.253s) 33.070ms
[2020-01-29T15:17:35.956+0300][3.254s] GC(4) Pause Remark
[2020-01-29T15:17:35.959+0300][3.257s] GC(4) Cleaned string and symbol table, strings: 9248 processed, 20 removed, symbols: 62892 processed, 32 removed
[2020-01-29T15:17:35.959+0300][3.257s] GC(4) Pause Remark 26M->26M(512M) 3.466ms
[2020-01-29T15:17:35.960+0300][3.257s] GC(4) User=0.01s Sys=0.00s Real=0.00s
[2020-01-29T15:17:35.960+0300][3.257s] GC(4) Concurrent Rebuild Remembered Sets
[2020-01-29T15:17:35.984+0300][3.282s] GC(4) Concurrent Rebuild Remembered Sets 24.477ms
[2020-01-29T15:17:35.984+0300][3.282s] GC(4) Pause Cleanup
[2020-01-29T15:17:35.984+0300][3.282s] GC(4) Pause Cleanup 28M->28M(512M) 0.211ms
[2020-01-29T15:17:35.985+0300][3.282s] GC(4) User=0.00s Sys=0.00s Real=0.01s
[2020-01-29T15:17:35.985+0300][3.282s] GC(4) Concurrent Cleanup for Next Mark
[2020-01-29T15:17:35.986+0300][3.284s] GC(4) Concurrent Cleanup for Next Mark 1.359ms
[2020-01-29T15:17:35.986+0300][3.284s] GC(4) Concurrent Cycle 65.136ms
[2020-01-29T15:17:36.978+0300][4.276s] GC(5) Pause Young (Concurrent Start) (G1 Evacuation Pause)
[2020-01-29T15:17:36.978+0300][4.276s] GC(5) Using 4 workers of 4 for evacuation
[2020-01-29T15:17:36.990+0300][4.288s] GC(5)   Pre Evacuate Collection Set: 0.1ms
[2020-01-29T15:17:36.990+0300][4.288s] GC(5)   Evacuate Collection Set: 11.0ms
[2020-01-29T15:17:36.990+0300][4.288s] GC(5)   Post Evacuate Collection Set: 0.6ms
[2020-01-29T15:17:36.990+0300][4.288s] GC(5)   Other: 0.3ms
[2020-01-29T15:17:36.990+0300][4.288s] GC(5) Eden regions: 60->0(83)
[2020-01-29T15:17:36.990+0300][4.288s] GC(5) Survivor regions: 1->4(8)
[2020-01-29T15:17:36.990+0300][4.288s] GC(5) Old regions: 21->21
[2020-01-29T15:17:36.990+0300][4.288s] GC(5) Humongous regions: 4->4
[2020-01-29T15:17:36.990+0300][4.288s] GC(5) Metaspace: 28888K->28888K(1075200K)
[2020-01-29T15:17:36.990+0300][4.288s] GC(5) Pause Young (Concurrent Start) (G1 Evacuation Pause) 84M->27M(512M) 12.197ms
[2020-01-29T15:17:36.990+0300][4.288s] GC(5) User=0.04s Sys=0.00s Real=0.01s
[2020-01-29T15:17:36.990+0300][4.288s] GC(6) Concurrent Cycle
[2020-01-29T15:17:36.990+0300][4.288s] GC(6) Concurrent Clear Claimed Marks
[2020-01-29T15:17:36.990+0300][4.288s] GC(6) Concurrent Clear Claimed Marks 0.238ms
[2020-01-29T15:17:36.990+0300][4.288s] GC(6) Concurrent Scan Root Regions
[2020-01-29T15:17:36.995+0300][4.292s] GC(6) Concurrent Scan Root Regions 4.118ms
[2020-01-29T15:17:36.995+0300][4.292s] GC(6) Concurrent Mark (4.292s)
[2020-01-29T15:17:36.995+0300][4.293s] GC(6) Concurrent Mark From Roots
[2020-01-29T15:17:36.995+0300][4.293s] GC(6) Using 1 workers of 1 for marking
[2020-01-29T15:17:37.048+0300][4.346s] GC(6) Concurrent Mark From Roots 53.179ms
[2020-01-29T15:17:37.048+0300][4.346s] GC(6) Concurrent Preclean
[2020-01-29T15:17:37.048+0300][4.346s] GC(6) Concurrent Preclean 0.159ms
[2020-01-29T15:17:37.048+0300][4.346s] GC(6) Concurrent Mark (4.292s, 4.346s) 53.458ms
[2020-01-29T15:17:37.049+0300][4.346s] GC(6) Pause Remark
[2020-01-29T15:17:37.053+0300][4.351s] GC(6) Cleaned string and symbol table, strings: 13472 processed, 3 removed, symbols: 86445 processed, 37 removed
[2020-01-29T15:17:37.053+0300][4.351s] GC(6) Pause Remark 31M->31M(512M) 4.423ms
[2020-01-29T15:17:37.053+0300][4.351s] GC(6) User=0.01s Sys=0.00s Real=0.01s
[2020-01-29T15:17:37.053+0300][4.351s] GC(6) Concurrent Rebuild Remembered Sets
[2020-01-29T15:17:37.074+0300][4.372s] GC(6) Concurrent Rebuild Remembered Sets 20.765ms
[2020-01-29T15:17:37.074+0300][4.372s] GC(6) Pause Cleanup
[2020-01-29T15:17:37.074+0300][4.372s] GC(6) Pause Cleanup 32M->32M(512M) 0.155ms
[2020-01-29T15:17:37.074+0300][4.372s] GC(6) User=0.00s Sys=0.00s Real=0.00s
[2020-01-29T15:17:37.074+0300][4.372s] GC(6) Concurrent Cleanup for Next Mark
[2020-01-29T15:17:37.075+0300][4.373s] GC(6) Concurrent Cleanup for Next Mark 1.170ms
[2020-01-29T15:17:37.076+0300][4.373s] GC(6) Concurrent Cycle 85.388ms
[2020-01-29T15:17:37.874+0300][5.172s] GC(7) Pause Young (Normal) (G1 Evacuation Pause)
[2020-01-29T15:17:37.874+0300][5.172s] GC(7) Using 4 workers of 4 for evacuation
[2020-01-29T15:17:37.885+0300][5.182s] GC(7)   Pre Evacuate Collection Set: 0.0ms
[2020-01-29T15:17:37.885+0300][5.183s] GC(7)   Evacuate Collection Set: 9.9ms
[2020-01-29T15:17:37.885+0300][5.183s] GC(7)   Post Evacuate Collection Set: 0.5ms
[2020-01-29T15:17:37.885+0300][5.183s] GC(7)   Other: 0.2ms
[2020-01-29T15:17:37.885+0300][5.183s] GC(7) Eden regions: 86->0(120)
[2020-01-29T15:17:37.885+0300][5.183s] GC(7) Survivor regions: 4->6(12)
[2020-01-29T15:17:37.885+0300][5.183s] GC(7) Old regions: 21->21
[2020-01-29T15:17:37.885+0300][5.183s] GC(7) Humongous regions: 4->4
[2020-01-29T15:17:37.885+0300][5.183s] GC(7) Metaspace: 32637K->32637K(1079296K)
[2020-01-29T15:17:37.885+0300][5.183s] GC(7) Pause Young (Normal) (G1 Evacuation Pause) 113M->29M(512M) 10.824ms
[2020-01-29T15:17:37.885+0300][5.183s] GC(7) User=0.03s Sys=0.01s Real=0.01s
[2020-01-29T15:17:38.406+0300][5.704s] GC(8) Pause Young (Normal) (G1 Evacuation Pause)
[2020-01-29T15:17:38.406+0300][5.704s] GC(8) Using 4 workers of 4 for evacuation
[2020-01-29T15:17:38.427+0300][5.725s] GC(8)   Pre Evacuate Collection Set: 0.0ms
[2020-01-29T15:17:38.427+0300][5.725s] GC(8)   Evacuate Collection Set: 20.5ms
[2020-01-29T15:17:38.427+0300][5.725s] GC(8)   Post Evacuate Collection Set: 0.6ms
[2020-01-29T15:17:38.427+0300][5.725s] GC(8)   Other: 0.3ms
[2020-01-29T15:17:38.427+0300][5.725s] GC(8) Eden regions: 120->0(165)
[2020-01-29T15:17:38.427+0300][5.725s] GC(8) Survivor regions: 6->8(16)
[2020-01-29T15:17:38.427+0300][5.725s] GC(8) Old regions: 21->21
[2020-01-29T15:17:38.427+0300][5.725s] GC(8) Humongous regions: 5->4
[2020-01-29T15:17:38.427+0300][5.725s] GC(8) Metaspace: 34668K->34668K(1081344K)
[2020-01-29T15:17:38.427+0300][5.725s] GC(8) Pause Young (Normal) (G1 Evacuation Pause) 150M->31M(512M) 21.681ms
[2020-01-29T15:17:38.428+0300][5.725s] GC(8) User=0.06s Sys=0.00s Real=0.02s
[2020-01-29T15:17:39.980+0300][7.278s] GC(9) Pause Young (Normal) (G1 Evacuation Pause)
[2020-01-29T15:17:39.980+0300][7.278s] GC(9) Using 4 workers of 4 for evacuation
[2020-01-29T15:17:39.999+0300][7.297s] GC(9)   Pre Evacuate Collection Set: 0.1ms
[2020-01-29T15:17:39.999+0300][7.297s] GC(9)   Evacuate Collection Set: 18.2ms
[2020-01-29T15:17:39.999+0300][7.297s] GC(9)   Post Evacuate Collection Set: 0.7ms
[2020-01-29T15:17:39.999+0300][7.297s] GC(9)   Other: 0.3ms
[2020-01-29T15:17:39.999+0300][7.297s] GC(9) Eden regions: 165->0(221)
[2020-01-29T15:17:39.999+0300][7.297s] GC(9) Survivor regions: 8->13(22)
[2020-01-29T15:17:39.999+0300][7.297s] GC(9) Old regions: 21->21
[2020-01-29T15:17:39.999+0300][7.297s] GC(9) Humongous regions: 4->4
[2020-01-29T15:17:39.999+0300][7.297s] GC(9) Metaspace: 43139K->43139K(1087488K)
[2020-01-29T15:17:39.999+0300][7.297s] GC(9) Pause Young (Normal) (G1 Evacuation Pause) 196M->36M(512M) 19.467ms
[2020-01-29T15:17:39.999+0300][7.297s] GC(9) User=0.08s Sys=0.01s Real=0.02s
